I'm sorry, but errors were detected in your script. Please correct the
errors listed below, and try again.


File "game/options.rpy", line 114: unexpected EOF while parsing
    Dissolve(.2)S
                 ^

Ren'Py Version: Ren'Py 7.4.6.1693
Thu Jun 17 23:22:05 2021
